mergeti inainte 7.000 km
virati catre 0
mergeti inainte 14.000 km
virati catre 5
mergeti inainte 9.000 km
virati catre 6
mergeti inainte 3.500 km
ati ajuns la destinatie
